Archive member included to satisfy reference by file (symbol)

D:/ROBOTIC/KRTMI/STM 32/STM32CubeIDE_1.16.0/STM32CubeIDE/plugins/com.st.stm32cube.ide.mcu.externaltools.gnu-tools-for-stm32.12.3.rel1.win32_1.1.0.202410251130/tools/bin/../lib/gcc/arm-none-eabi/12.3.1/../../../../arm-none-eabi/lib/thumb/v7e-m+fp/hard\libc_nano.a(libc_a-exit.o)
                              D:/ROBOTIC/KRTMI/STM 32/STM32CubeIDE_1.16.0/STM32CubeIDE/plugins/com.st.stm32cube.ide.mcu.externaltools.gnu-tools-for-stm32.12.3.rel1.win32_1.1.0.202410251130/tools/bin/../lib/gcc/arm-none-eabi/12.3.1/../../../../arm-none-eabi/lib/thumb/v7e-m+fp/hard/crt0.o (exit)
D:/ROBOTIC/KRTMI/STM 32/STM32CubeIDE_1.16.0/STM32CubeIDE/plugins/com.st.stm32cube.ide.mcu.externaltools.gnu-tools-for-stm32.12.3.rel1.win32_1.1.0.202410251130/tools/bin/../lib/gcc/arm-none-eabi/12.3.1/../../../../arm-none-eabi/lib/thumb/v7e-m+fp/hard\libc_nano.a(libc_a-findfp.o)
                              D:/ROBOTIC/KRTMI/STM 32/STM32CubeIDE_1.16.0/STM32CubeIDE/plugins/com.st.stm32cube.ide.mcu.externaltools.gnu-tools-for-stm32.12.3.rel1.win32_1.1.0.202410251130/tools/bin/../lib/gcc/arm-none-eabi/12.3.1/../../../../arm-none-eabi/lib/thumb/v7e-m+fp/hard\libc_nano.a(libc_a-exit.o) (__stdio_exit_handler)
D:/ROBOTIC/KRTMI/STM 32/STM32CubeIDE_1.16.0/STM32CubeIDE/plugins/com.st.stm32cube.ide.mcu.externaltools.gnu-tools-for-stm32.12.3.rel1.win32_1.1.0.202410251130/tools/bin/../lib/gcc/arm-none-eabi/12.3.1/../../../../arm-none-eabi/lib/thumb/v7e-m+fp/hard\libc_nano.a(libc_a-fwalk.o)
                              D:/ROBOTIC/KRTMI/STM 32/STM32CubeIDE_1.16.0/STM32CubeIDE/plugins/com.st.stm32cube.ide.mcu.externaltools.gnu-tools-for-stm32.12.3.rel1.win32_1.1.0.202410251130/tools/bin/../lib/gcc/arm-none-eabi/12.3.1/../../../../arm-none-eabi/lib/thumb/v7e-m+fp/hard\libc_nano.a(libc_a-findfp.o) (_fwalk_sglue)
D:/ROBOTIC/KRTMI/STM 32/STM32CubeIDE_1.16.0/STM32CubeIDE/plugins/com.st.stm32cube.ide.mcu.externaltools.gnu-tools-for-stm32.12.3.rel1.win32_1.1.0.202410251130/tools/bin/../lib/gcc/arm-none-eabi/12.3.1/../../../../arm-none-eabi/lib/thumb/v7e-m+fp/hard\libc_nano.a(libc_a-stdio.o)
                              D:/ROBOTIC/KRTMI/STM 32/STM32CubeIDE_1.16.0/STM32CubeIDE/plugins/com.st.stm32cube.ide.mcu.externaltools.gnu-tools-for-stm32.12.3.rel1.win32_1.1.0.202410251130/tools/bin/../lib/gcc/arm-none-eabi/12.3.1/../../../../arm-none-eabi/lib/thumb/v7e-m+fp/hard\libc_nano.a(libc_a-findfp.o) (__sread)
D:/ROBOTIC/KRTMI/STM 32/STM32CubeIDE_1.16.0/STM32CubeIDE/plugins/com.st.stm32cube.ide.mcu.externaltools.gnu-tools-for-stm32.12.3.rel1.win32_1.1.0.202410251130/tools/bin/../lib/gcc/arm-none-eabi/12.3.1/../../../../arm-none-eabi/lib/thumb/v7e-m+fp/hard\libc_nano.a(libc_a-memset.o)
                              D:/ROBOTIC/KRTMI/STM 32/STM32CubeIDE_1.16.0/STM32CubeIDE/plugins/com.st.stm32cube.ide.mcu.externaltools.gnu-tools-for-stm32.12.3.rel1.win32_1.1.0.202410251130/tools/bin/../lib/gcc/arm-none-eabi/12.3.1/../../../../arm-none-eabi/lib/thumb/v7e-m+fp/hard/crt0.o (memset)
D:/ROBOTIC/KRTMI/STM 32/STM32CubeIDE_1.16.0/STM32CubeIDE/plugins/com.st.stm32cube.ide.mcu.externaltools.gnu-tools-for-stm32.12.3.rel1.win32_1.1.0.202410251130/tools/bin/../lib/gcc/arm-none-eabi/12.3.1/../../../../arm-none-eabi/lib/thumb/v7e-m+fp/hard\libc_nano.a(libc_a-closer.o)
                              D:/ROBOTIC/KRTMI/STM 32/STM32CubeIDE_1.16.0/STM32CubeIDE/plugins/com.st.stm32cube.ide.mcu.externaltools.gnu-tools-for-stm32.12.3.rel1.win32_1.1.0.202410251130/tools/bin/../lib/gcc/arm-none-eabi/12.3.1/../../../../arm-none-eabi/lib/thumb/v7e-m+fp/hard\libc_nano.a(libc_a-stdio.o) (_close_r)
D:/ROBOTIC/KRTMI/STM 32/STM32CubeIDE_1.16.0/STM32CubeIDE/plugins/com.st.stm32cube.ide.mcu.externaltools.gnu-tools-for-stm32.12.3.rel1.win32_1.1.0.202410251130/tools/bin/../lib/gcc/arm-none-eabi/12.3.1/../../../../arm-none-eabi/lib/thumb/v7e-m+fp/hard\libc_nano.a(libc_a-reent.o)
                              D:/ROBOTIC/KRTMI/STM 32/STM32CubeIDE_1.16.0/STM32CubeIDE/plugins/com.st.stm32cube.ide.mcu.externaltools.gnu-tools-for-stm32.12.3.rel1.win32_1.1.0.202410251130/tools/bin/../lib/gcc/arm-none-eabi/12.3.1/../../../../arm-none-eabi/lib/thumb/v7e-m+fp/hard\libc_nano.a(libc_a-closer.o) (errno)
D:/ROBOTIC/KRTMI/STM 32/STM32CubeIDE_1.16.0/STM32CubeIDE/plugins/com.st.stm32cube.ide.mcu.externaltools.gnu-tools-for-stm32.12.3.rel1.win32_1.1.0.202410251130/tools/bin/../lib/gcc/arm-none-eabi/12.3.1/../../../../arm-none-eabi/lib/thumb/v7e-m+fp/hard\libc_nano.a(libc_a-impure.o)
                              D:/ROBOTIC/KRTMI/STM 32/STM32CubeIDE_1.16.0/STM32CubeIDE/plugins/com.st.stm32cube.ide.mcu.externaltools.gnu-tools-for-stm32.12.3.rel1.win32_1.1.0.202410251130/tools/bin/../lib/gcc/arm-none-eabi/12.3.1/../../../../arm-none-eabi/lib/thumb/v7e-m+fp/hard\libc_nano.a(libc_a-reent.o) (_impure_ptr)
[...]
Memory Configuration

Name             Origin             Length             Attributes
CCMRAM           0x10000000         0x00010000         xrw
RAM              0x20000000         0x00020000         xrw
FLASH            0x08000000         0x00100000         xr
*default*        0x00000000         0xffffffff

Linker script and memory map

LOAD D:/ROBOTIC/KRTMI/STM 32/STM32CubeIDE_1.16.0/STM32CubeIDE/plugins/com.st.stm32cube.ide.mcu.externaltools.gnu-tools-for-stm32.12.3.rel1.win32_1.1.0.202410251130/tools/bin/../lib/gcc/arm-none-eabi/12.3.1/thumb/v7e-m+fp/hard/crti.o
LOAD D:/ROBOTIC/KRTMI/STM 32/STM32CubeIDE_1.16.0/STM32CubeIDE/plugins/com.st.stm32cube.ide.mcu.externaltools.gnu-tools-for-stm32.12.3.rel1.win32_1.1.0.202410251130/tools/bin/../lib/gcc/arm-none-eabi/12.3.1/thumb/v7e-m+fp/hard/crtbegin.o
LOAD D:/ROBOTIC/KRTMI/STM 32/STM32CubeIDE_1.16.0/STM32CubeIDE/plugins/com.st.stm32cube.ide.mcu.externaltools.gnu-tools-for-stm32.12.3.rel1.win32_1.1.0.202410251130/tools/bin/../lib/gcc/arm-none-eabi/12.3.1/../../../../arm-none-eabi/lib/thumb/v7e-m+fp/hard/crt0.o
LOAD ./Core/Src/main.o
LOAD ./Core/Src/pid.o
LOAD ./Core/Src/stm32f4xx_hal_msp.o
LOAD ./Core/Src/stm32f4xx_it.o
LOAD ./Core/Src/syscalls.o
LOAD ./Core/Src/sysmem.o
LOAD ./Core/Src/system_stm32f4xx.o
LOAD ./Core/Startup/startup_stm32f407vgtx.o
LOAD ./Drivers/STM32F4xx_HAL_Driver/Src/stm32f4xx_hal.o
LOAD ./Drivers/STM32F4xx_HAL_Driver/Src/stm32f4xx_hal_cortex.o
LOAD ./Drivers/STM32F4xx_HAL_Driver/Src/stm32f4xx_hal_dma.o
LOAD ./Drivers/STM32F4xx_HAL_Driver/Src/stm32f4xx_hal_dma_ex.o
LOAD ./Drivers/STM32F4xx_HAL_Driver/Src/stm32f4xx_hal_exti.o
LOAD ./Drivers/STM32F4xx_HAL_Driver/Src/stm32f4xx_hal_flash.o
LOAD ./Drivers/STM32F4xx_HAL_Driver/Src/stm32f4xx_hal_flash_ex.o
LOAD ./Drivers/STM32F4xx_HAL_Driver/Src/stm32f4xx_hal_flash_ramfunc.o
LOAD ./Drivers/STM32F4xx_HAL_Driver/Src/stm32f4xx_hal_gpio.o
LOAD ./Drivers/STM32F4xx_HAL_Driver/Src/stm32f4xx_hal_pwr.o
LOAD ./Drivers/STM32F4xx_HAL_Driver/Src/stm32f4xx_hal_pwr_ex.o
LOAD ./Drivers/STM32F4xx_HAL_Driver/Src/stm32f4xx_hal_rcc.o
LOAD ./Drivers/STM32F4xx_HAL_Driver/Src/stm32f4xx_hal_rcc_ex.o
LOAD ./Drivers/STM32F4xx_HAL_Driver/Src/stm32f4xx_hal_tim.o
LOAD ./Drivers/STM32F4xx_HAL_Driver/Src/stm32f4xx_hal_tim_ex.o
LOAD ./Drivers/STM32F4xx_HAL_Driver/Src/stm32f4xx_hal_uart.o
START GROUP
LOAD D:/ROBOTIC/KRTMI/STM 32/STM32CubeIDE_1.16.0/STM32CubeIDE/plugins/com.st.stm32cube.ide.mcu.externaltools.gnu-tools-for-stm32.12.3.rel1.win32_1.1.0.202410251130/tools/bin/../lib/gcc/arm-none-eabi/12.3.1/../../../../arm-none-eabi/lib/thumb/v7e-m+fp/hard\libc_nano.a
LOAD D:/ROBOTIC/KRTMI/STM 32/STM32CubeIDE_1.16.0/STM32CubeIDE/plugins/com.st.stm32cube.ide.mcu.externaltools.gnu-tools-for-stm32.12.3.rel1.win32_1.1.0.202410251130/tools/bin/../lib/gcc/arm-none-eabi/12.3.1/../../../../arm-none-eabi/lib/thumb/v7e-m+fp/hard\libm.a
END GROUP
START GROUP
LOAD D:/ROBOTIC/KRTMI/STM 32/STM32CubeIDE_1.16.0/STM32CubeIDE/plugins/com.st.stm32cube.ide.mcu.externaltools.gnu-tools-for-stm32.12.3.rel1.win32_1.1.0.202410251130/tools/bin/../lib/gcc/arm-none-eabi/12.3.1/thumb/v7e-m+fp/hard\libgcc.a
LOAD D:/ROBOTIC/KRTMI/STM 32/STM32CubeIDE_1.16.0/STM32CubeIDE/plugins/com.st.stm32cube.ide.mcu.externaltools.gnu-tools-for-stm32.12.3.rel1.win32_1.1.0.202410251130/tools/bin/../lib/gcc/arm-none-eabi/12.3.1/../../../../arm-none-eabi/lib/thumb/v7e-m+fp/hard\libc_nano.a
END GROUP
START GROUP
LOAD D:/ROBOTIC/KRTMI/STM 32/STM32CubeIDE_1.16.0/STM32CubeIDE/plugins/com.st.stm32cube.ide.mcu.externaltools.gnu-tools-for-stm32.12.3.rel1.win32_1.1.0.202410251130/tools/bin/../lib/gcc/arm-none-eabi/12.3.1/thumb/v7e-m+fp/hard\libgcc.a
LOAD D:/ROBOTIC/KRTMI/STM 32/STM32CubeIDE_1.16.0/STM32CubeIDE/plugins/com.st.stm32cube.ide.mcu.externaltools.gnu-tools-for-stm32.12.3.rel1.win32_1.1.0.202410251130/tools/bin/../lib/gcc/arm-none-eabi/12.3.1/../../../../arm-none-eabi/lib/thumb/v7e-m+fp/hard\libc_nano.a
LOAD D:/ROBOTIC/KRTMI/STM 32/STM32CubeIDE_1.16.0/STM32CubeIDE/plugins/com.st.stm32cube.ide.mcu.externaltools.gnu-tools-for-stm32.12.3.rel1.win32_1.1.0.202410251130/tools/bin/../lib/gcc/arm-none-eabi/12.3.1/../../../../arm-none-eabi/lib/thumb/v7e-m+fp/hard\libnosys.a
END GROUP
START GROUP
LOAD D:/ROBOTIC/KRTMI/STM 32/STM32CubeIDE_1.16.0/STM32CubeIDE/plugins/com.st.stm32cube.ide.mcu.externaltools.gnu-tools-for-stm32.12.3.rel1.win32_1.1.0.202410251130/tools/bin/../lib/gcc/arm-none-eabi/12.3.1/thumb/v7e-m+fp/hard\libgcc.a
LOAD D:/ROBOTIC/KRTMI/STM 32/STM32CubeIDE_1.16.0/STM32CubeIDE/plugins/com.st.stm32cube.ide.mcu.externaltools.gnu-tools-for-stm32.12.3.rel1.win32_1.1.0.202410251130/tools/bin/../lib/gcc/arm-none-eabi/12.3.1/../../../../arm-none-eabi/lib/thumb/v7e-m+fp/hard\libc_nano.a
LOAD D:/ROBOTIC/KRTMI/STM 32/STM32CubeIDE_1.16.0/STM32CubeIDE/plugins/com.st.stm32cube.ide.mcu.externaltools.gnu-tools-for-stm32.12.3.rel1.win32_1.1.0.202410251130/tools/bin/../lib/gcc/arm-none-eabi/12.3.1/../../../../arm-none-eabi/lib/thumb/v7e-m+fp/hard\libnosys.a
END GROUP
LOAD D:/ROBOTIC/KRTMI/STM 32/STM32CubeIDE_1.16.0/STM32CubeIDE/plugins/com.st.stm32cube.ide.mcu.externaltools.gnu-tools-for-stm32.12.3.rel1.win32_1.1.0.202410251130/tools/bin/../lib/gcc/arm-none-eabi/12.3.1/thumb/v7e-m+fp/hard/crtend.o
LOAD D:/ROBOTIC/KRTMI/STM 32/STM32CubeIDE_1.16.0/STM32CubeIDE/plugins/com.st.stm32cube.ide.mcu.externaltools.gnu-tools-for-stm32.12.3.rel1.win32_1.1.0.202410251130/tools/bin/../lib/gcc/arm-none-eabi/12.3.1/thumb/v7e-m+fp/hard/crtn.o
                0x20020000                        _estack = (ORIGIN (RAM) + LENGTH (RAM))
                0x00000200                        _Min_Heap_Size = 0x200
                0x00000400                        _Min_Stack_Size = 0x400

.isr_vector     0x08000000      0x188
                0x08000000                        . = ALIGN (0x4)
 *(.isr_vector)
 .isr_vector    0x08000000      0x188 ./Core/Startup/startup_stm32f407vgtx.o
                0x08000000                g_pfnVectors
                0x08000188                        . = ALIGN (0x4)

.text           0x08000188     0x65b4
                0x08000188                        . = ALIGN (0x4)
 *(.text)
 .text          0x08000188       0x40 D:/ROBOTIC/KRTMI/STM 32/STM32CubeIDE_1.16.0/STM32CubeIDE/plugins/com.st.stm32cube.ide.mcu.externaltools.gnu-tools-for-stm32.12.3.rel1.win32_1.1.0.202410251130/tools/bin/../lib/gcc/arm-none-eabi/12.3.1/thumb/v7e-m+fp/hard/crtbegin.o
 .text          0x080001c8       0x30 D:/ROBOTIC/KRTMI/STM 32/STM32CubeIDE_1.16.0/STM32CubeIDE/plugins/com.st.stm32cube.ide.mcu.externaltools.gnu-tools-for-stm32.12.3.rel1.win32_1.1.0.202410251130/tools/bin/../lib/gcc/arm-none-eabi/12.3.1/thumb/v7e-m+fp/hard\libgcc.a(_aeabi_uldivmod.o)
                0x080001c8                __aeabi_uldivmod
 .text          0x080001f8      0x2bc D:/ROBOTIC/KRTMI/STM 32/STM32CubeIDE_1.16.0/STM32CubeIDE/plugins/com.st.stm32cube.ide.mcu.externaltools.gnu-tools-for-stm32.12.3.rel1.win32_1.1.0.202410251130/tools/bin/../lib/gcc/arm-none-eabi/12.3.1/thumb/v7e-m+fp/hard\libgcc.a(_udivmoddi4.o)
                0x080001f8                __udivmoddi4
 .text          0x080004b4        0x4 D:/ROBOTIC/KRTMI/STM 32/STM32CubeIDE_1.16.0/STM32CubeIDE/plugins/com.st.stm32cube.ide.mcu.externaltools.gnu-tools-for-stm32.12.3.rel1.win32_1.1.0.202410251130/tools/bin/../lib/gcc/arm-none-eabi/12.3.1/thumb/v7e-m+fp/hard\libgcc.a(_dvmd_tls.o)
                0x080004b4                __aeabi_idiv0
                0x080004b4                __aeabi_ldiv0
 *(.text*)
 .text.__NVIC_SystemReset
                0x080004b8       0x2c ./Core/Src/main.o
 .text.setMotor
                0x080004e4      0x104 ./Core/Src/main.o
                0x080004e4                setMotor
 .text.arm_init
                0x080005e8       0x64 ./Core/Src/main.o
                0x080005e8                arm_init
 .text.transmit_uart
                0x0800064c       0x9c ./Core/Src/main.o
                0x0800064c                transmit_uart
 .text.read_limit_switch
                0x080006e8       0x34 ./Core/Src/main.o
                0x080006e8                read_limit_switch
 .text.read_button
                0x0800071c       0x34 ./Core/Src/main.o
                0x0800071c                read_button
 .text.write_relay
                0x08000750       0x38 ./Core/Src/main.o
                0x08000750                write_relay
 .text.arm_state_machine
                0x08000788      0x8e8 ./Core/Src/main.o
                0x08000788                arm_state_machine
 .text.HAL_TIM_PeriodElapsedCallback
                0x08001070       0x6c ./Core/Src/main.o
                0x08001070                HAL_TIM_PeriodElapsedCallback
 .text.HAL_UART_RxCpltCallback
                0x080010dc       0x6c ./Core/Src/main.o
                0x080010dc                HAL_UART_RxCpltCallback
 .text.HAL_UART_ErrorCallback
                0x08001148       0x30 ./Core/Src/main.o
                0x08001148                HAL_UART_ErrorCallback
 .text.main     0x08001178      0x148 ./Core/Src/main.o
                0x08001178                main
 .text.SystemClock_Config
                0x080012c0       0xd4 ./Core/Src/main.o
                0x080012c0                SystemClock_Config
 .text.MX_TIM1_Init
                0x08001394       0xb0 ./Core/Src/main.o
 .text.MX_TIM2_Init
                0x08001444       0xa8 ./Core/Src/main.o
 .text.MX_TIM3_Init
                0x080014ec       0xa8 ./Core/Src/main.o
 .text.MX_TIM4_Init
                0x08001594       0xa8 ./Core/Src/main.o
 .text.MX_TIM5_Init
                0x0800163c       0xa8 ./Core/Src/main.o
 .text.MX_TIM6_Init
                0x080016e4       0x6c ./Core/Src/main.o
 .text.MX_TIM8_Init
                0x08001750       0xb0 ./Core/Src/main.o
 .text.MX_TIM9_Init
                0x08001800       0xa0 ./Core/Src/main.o
 .text.MX_TIM10_Init
                0x080018a0       0x9c ./Core/Src/main.o
 .text.MX_TIM11_Init
                0x0800193c       0x9c ./Core/Src/main.o
 .text.MX_TIM12_Init
                0x080019d8       0xa0 ./Core/Src/main.o
 .text.MX_TIM13_Init
                0x08001a78       0x9c ./Core/Src/main.o
 .text.MX_TIM14_Init
                0x08001b14       0x9c ./Core/Src/main.o
 .text.MX_UART4_Init
                0x08001bb0       0x54 ./Core/Src/main.o
 .text.MX_UART5_Init
                0x08001c04       0x54 ./Core/Src/main.o
 .text.MX_USART1_UART_Init
                0x08001c58       0x54 ./Core/Src/main.o
 .text.MX_USART2_UART_Init
                0x08001cac       0x54 ./Core/Src/main.o
 .text.MX_USART3_UART_Init
                0x08001d00       0x54 ./Core/Src/main.o
 .text.MX_DMA_Init
                0x08001d54       0x50 ./Core/Src/main.o
 .text.MX_GPIO_Init
                0x08001da4      0x140 ./Core/Src/main.o
 .text.Error_Handler
                0x08001ee4        0xc ./Core/Src/main.o
                0x08001ee4                Error_Handler
 .text.PID_Init
                0x08001ef0       0x7a ./Core/Src/pid.o
                0x08001ef0                PID_Init
 .text.PID_Update
                0x08001f6a      0x15c ./Core/Src/pid.o
                0x08001f6a                PID_Update
 *fill*         0x080020c6        0x2 
 .text.HAL_MspInit
                0x080020c8       0x5c ./Core/Src/stm32f4xx_hal_msp.o
                0x080020c8                HAL_MspInit
 .text.HAL_TIM_Encoder_MspInit
                0x08002124      0x2e8 ./Core/Src/stm32f4xx_hal_msp.o
                0x08002124                HAL_TIM_Encoder_MspInit
 .text.HAL_TIM_Base_MspInit
                0x0800240c      0x100 ./Core/Src/stm32f4xx_hal_msp.o
                0x0800240c                HAL_TIM_Base_MspInit
 .text.HAL_TIM_PWM_MspInit
                0x0800250c       0x70 ./Core/Src/stm32f4xx_hal_msp.o
                0x0800250c                HAL_TIM_PWM_MspInit
 .text.HAL_TIM_MspPostInit
                0x0800257c      0x1fc ./Core/Src/stm32f4xx_hal_msp.o
                0x0800257c                HAL_TIM_MspPostInit
 .text.HAL_UART_MspInit
                0x08002778      0x360 ./Core/Src/stm32f4xx_hal_msp.o
                0x08002778                HAL_UART_MspInit
 .text.NMI_Handler
                0x08002ad8        0x8 ./Core/Src/stm32f4xx_it.o
                0x08002ad8                NMI_Handler
 .text.HardFault_Handler
                0x08002ae0        0x8 ./Core/Src/stm32f4xx_it.o
                0x08002ae0                HardFault_Handler
 .text.MemManage_Handler
                0x08002ae8        0x8 ./Core/Src/stm32f4xx_it.o
                0x08002ae8                MemManage_Handler
 .text.BusFault_Handler
                0x08002af0        0x8 ./Core/Src/stm32f4xx_it.o
                0x08002af0                BusFault_Handler
 .text.UsageFault_Handler
                0x08002af8        0x8 ./Core/Src/stm32f4xx_it.o
                0x08002af8                UsageFault_Handler
 .text.SVC_Handler
                0x08002b00        0xe ./Core/Src/stm32f4xx_it.o
                0x08002b00                SVC_Handler
 .text.DebugMon_Handler
                0x08002b0e        0xe ./Core/Src/stm32f4xx_it.o
                0x08002b0e                DebugMon_Handler
 .text.PendSV_Handler
                0x08002b1c        0xe ./Core/Src/stm32f4xx_it.o
                0x08002b1c                PendSV_Handler
 .text.SysTick_Handler
                0x08002b2a        0xc ./Core/Src/stm32f4xx_it.o
                0x08002b2a                SysTick_Handler
 .text.RCC_IRQHandler
                0x08002b36        0xe ./Core/Src/stm32f4xx_it.o
                0x08002b36                RCC_IRQHandler
 .text.USART1_IRQHandler
                0x08002b44       0x14 ./Core/Src/stm32f4xx_it.o
                0x08002b44                USART1_IRQHandler
 .text.TIM6_DAC_IRQHandler
                0x08002b58       0x14 ./Core/Src/stm32f4xx_it.o
                0x08002b58                TIM6_DAC_IRQHandler
 .text.DMA2_Stream2_IRQHandler
                0x08002b6c       0x14 ./Core/Src/stm32f4xx_it.o
                0x08002b6c                DMA2_Stream2_IRQHandler
 .text.DMA2_Stream7_IRQHandler
                0x08002b80       0x14 ./Core/Src/stm32f4xx_it.o
                0x08002b80                DMA2_Stream7_IRQHandler
 .text.SystemInit
                0x08002b94       0x24 ./Core/Src/system_stm32f4xx.o
                0x08002b94                SystemInit
 .text.Reset_Handler
                0x08002bb8       0x50 ./Core/Startup/startup_stm32f407vgtx.o
                0x08002bb8                Reset_Handler
 .text.Default_Handler
                0x08002c08        0x2 ./Core/Startup/startup_stm32f407vgtx.o
                0x08002c08                RTC_Alarm_IRQHandler
                0x08002c08                HASH_RNG_IRQHandler
                0x08002c08                EXTI2_IRQHandler
                0x08002c08                TIM8_CC_IRQHandler
                0x08002c08                TIM1_CC_IRQHandler
                0x08002c08                DMA2_Stream5_IRQHandler
                0x08002c08                DMA1_Stream5_IRQHandler
                0x08002c08                PVD_IRQHandler
                0x08002c08                SDIO_IRQHandler
                0x08002c08                TAMP_STAMP_IRQHandler
                0x08002c08                CAN2_RX1_IRQHandler
                0x08002c08                EXTI3_IRQHandler
                0x08002c08                TIM8_TRG_COM_TIM14_IRQHandler
                0x08002c08                TIM1_UP_TIM10_IRQHandler
                0x08002c08                TIM8_UP_TIM13_IRQHandler
                0x08002c08                I2C3_ER_IRQHandler
                0x08002c08                EXTI0_IRQHandler
                0x08002c08                I2C2_EV_IRQHandler
                0x08002c08                DMA1_Stream2_IRQHandler
                0x08002c08                CAN1_RX0_IRQHandler
                0x08002c08                FPU_IRQHandler
                0x08002c08                OTG_HS_WKUP_IRQHandler
                0x08002c08                CAN2_SCE_IRQHandler
                0x08002c08                SPI1_IRQHandler
                0x08002c08                TIM1_BRK_TIM9_IRQHandler
                0x08002c08                DCMI_IRQHandler
                0x08002c08                CAN2_RX0_IRQHandler
                0x08002c08                DMA2_Stream3_IRQHandler
                0x08002c08                USART6_IRQHandler
                0x08002c08                USART3_IRQHandler
                0x08002c08                CAN1_RX1_IRQHandler
                0x08002c08                UART5_IRQHandler
                0x08002c08                DMA2_Stream0_IRQHandler
                0x08002c08                TIM4_IRQHandler
                0x08002c08                I2C1_EV_IRQHandler
                0x08002c08                DMA1_Stream6_IRQHandler
                0x08002c08                DMA1_Stream1_IRQHandler
                0x08002c08                UART4_IRQHandler
                0x08002c08                TIM3_IRQHandler
                0x08002c08                TIM8_BRK_TIM12_IRQHandler
                0x08002c08                Default_Handler
                0x08002c08                EXTI15_10_IRQHandler
                0x08002c08                ADC_IRQHandler
                0x08002c08                DMA1_Stream7_IRQHandler
                0x08002c08                TIM7_IRQHandler
                0x08002c08                CAN2_TX_IRQHandler
                0x08002c08                TIM5_IRQHandler
                0x08002c08                I2C3_EV_IRQHandler
                0x08002c08                EXTI9_5_IRQHandler
                0x08002c08                RTC_WKUP_IRQHandler
                0x08002c08                ETH_WKUP_IRQHandler
                0x08002c08                SPI2_IRQHandler
                0x08002c08                OTG_HS_EP1_IN_IRQHandler
                0x08002c08                DMA1_Stream0_IRQHandler
                0x08002c08                CAN1_TX_IRQHandler
                0x08002c08                EXTI4_IRQHandler
                0x08002c08                FSMC_IRQHandler
                0x08002c08                ETH_IRQHandler
                0x08002c08                OTG_HS_EP1_OUT_IRQHandler
                0x08002c08                WWDG_IRQHandler
                0x08002c08                TIM2_IRQHandler
                0x08002c08                OTG_FS_WKUP_IRQHandler
                0x08002c08                TIM1_TRG_COM_TIM11_IRQHandler
                0x08002c08                OTG_HS_IRQHandler
                0x08002c08                EXTI1_IRQHandler
                0x08002c08                USART2_IRQHandler
                0x08002c08                I2C2_ER_IRQHandler
                0x08002c08                DMA2_Stream1_IRQHandler
                0x08002c08                CAN1_SCE_IRQHandler
                0x08002c08                FLASH_IRQHandler
                0x08002c08                DMA2_Stream4_IRQHandler
                0x08002c08                OTG_FS_IRQHandler
                0x08002c08                SPI3_IRQHandler
                0x08002c08                DMA1_Stream4_IRQHandler
                0x08002c08                I2C1_ER_IRQHandler
                0x08002c08                DMA2_Stream6_IRQHandler
                0x08002c08                DMA1_Stream3_IRQHandler
 *fill*         0x08002c0a        0x2 
 .text.HAL_Init
                0x08002c0c       0x44 ./Drivers/STM32F4xx_HAL_Driver/Src/stm32f4xx_hal.o
                0x08002c0c                HAL_Init
 .text.HAL_InitTick
                0x08002c50       0x60 ./Drivers/STM32F4xx_HAL_Driver/Src/stm32f4xx_hal.o
                0x08002c50                HAL_InitTick
 .text.HAL_IncTick
                0x08002cb0       0x28 ./Drivers/STM32F4xx_HAL_Driver/Src/stm32f4xx_hal.o
                0x08002cb0                HAL_IncTick
 .text.HAL_GetTick
                0x08002cd8       0x18 ./Drivers/STM32F4xx_HAL_Driver/Src/stm32f4xx_hal.o
                0x08002cd8                HAL_GetTick
 .text.__NVIC_SetPriorityGrouping
                0x08002cf0       0x48 ./Drivers/STM32F4xx_HAL_Driver/Src/stm32f4xx_hal_cortex.o
 .text.__NVIC_GetPriorityGrouping
                0x08002d38       0x1c ./Drivers/STM32F4xx_HAL_Driver/Src/stm32f4xx_hal_cortex.o
 .text.__NVIC_EnableIRQ
                0x08002d54       0x3c ./Drivers/STM32F4xx_HAL_Driver/Src/stm32f4xx_hal_cortex.o
 .text.__NVIC_SetPriority
                0x08002d90       0x54 ./Drivers/STM32F4xx_HAL_Driver/Src/stm32f4xx_hal_cortex.o
 .text.NVIC_EncodePriority
                0x08002de4       0x66 ./Drivers/STM32F4xx_HAL_Driver/Src/stm32f4xx_hal_cortex.o
 *fill*         0x08002e4a        0x2 
 .text.SysTick_Config
                0x08002e4c       0x44 ./Drivers/STM32F4xx_HAL_Driver/Src/stm32f4xx_hal_cortex.o
 .text.HAL_NVIC_SetPriorityGrouping
                0x08002e90       0x16 ./Drivers/STM32F4xx_HAL_Driver/Src/stm32f4xx_hal_cortex.o
                0x08002e90                HAL_NVIC_SetPriorityGrouping
 .text.HAL_NVIC_SetPriority
                0x08002ea6       0x38 ./Drivers/STM32F4xx_HAL_Driver/Src/stm32f4xx_hal_cortex.o
                0x08002ea6                HAL_NVIC_SetPriority
 .text.HAL_NVIC_EnableIRQ
                0x08002ede       0x1c ./Drivers/STM32F4xx_HAL_Driver/Src/stm32f4xx_hal_cortex.o
                0x08002ede                HAL_NVIC_EnableIRQ
 .text.HAL_SYSTICK_Config
                0x08002efa       0x18 ./Drivers/STM32F4xx_HAL_Driver/Src/stm32f4xx_hal_cortex.o
                0x08002efa                HAL_SYSTICK_Config
 *fill*         0x08002f12        0x2 
 .text.HAL_DMA_Init
                0x08002f14      0x15c ./Drivers/STM32F4xx_HAL_Driver/Src/stm32f4xx_hal_dma.o
                0x08002f14                HAL_DMA_Init
 .text.HAL_DMA_Start_IT
                0x08003070       0xb0 ./Drivers/STM32F4xx_HAL_Driver/Src/stm32f4xx_hal_dma.o
                0x08003070                HAL_DMA_Start_IT
 .text.HAL_DMA_Abort
                0x08003120       0xe0 ./Drivers/STM32F4xx_HAL_Driver/Src/stm32f4xx_hal_dma.o
                0x08003120                HAL_DMA_Abort
 .text.HAL_DMA_Abort_IT
                0x08003200       0x44 ./Drivers/STM32F4xx_HAL_Driver/Src/stm32f4xx_hal_dma.o
                0x08003200                HAL_DMA_Abort_IT
 .text.HAL_DMA_IRQHandler
                0x08003244      0x314 ./Drivers/STM32F4xx_HAL_Driver/Src/stm32f4xx_hal_dma.o
                0x08003244                HAL_DMA_IRQHandler
 .text.HAL_DMA_GetError
                0x08003558       0x18 ./Drivers/STM32F4xx_HAL_Driver/Src/stm32f4xx_hal_dma.o
                0x08003558                HAL_DMA_GetError
 .text.DMA_SetConfig
                0x08003570       0x5c ./Drivers/STM32F4xx_HAL_Driver/Src/stm32f4xx_hal_dma.o
 .text.DMA_CalcBaseAndBitshift
                0x080035cc       0x6c ./Drivers/STM32F4xx_HAL_Driver/Src/stm32f4xx_hal_dma.o
 .text.DMA_CheckFifoParam
                0x08003638       0xf8 ./Drivers/STM32F4xx_HAL_Driver/Src/stm32f4xx_hal_dma.o
 .text.HAL_GPIO_Init
                0x08003730      0x338 ./Drivers/STM32F4xx_HAL_Driver/Src/stm32f4xx_hal_gpio.o
                0x08003730                HAL_GPIO_Init
 .text.HAL_GPIO_ReadPin
                0x08003a68       0x30 ./Drivers/STM32F4xx_HAL_Driver/Src/stm32f4xx_hal_gpio.o
                0x08003a68                HAL_GPIO_ReadPin
 .text.HAL_GPIO_WritePin
                0x08003a98       0x32 ./Drivers/STM32F4xx_HAL_Driver/Src/stm32f4xx_hal_gpio.o
                0x08003a98                HAL_GPIO_WritePin
 *fill*         0x08003aca        0x2 
 .text.HAL_RCC_OscConfig
                0x08003acc      0x4f0 ./Drivers/STM32F4xx_HAL_Driver/Src/stm32f4xx_hal_rcc.o
                0x08003acc                HAL_RCC_OscConfig
 .text.HAL_RCC_ClockConfig
                0x08003fbc      0x1cc ./Drivers/STM32F4xx_HAL_Driver/Src/stm32f4xx_hal_rcc.o
                0x08003fbc                HAL_RCC_ClockConfig
 .text.HAL_RCC_GetSysClockFreq
                0x08004188      0x20c ./Drivers/STM32F4xx_HAL_Driver/Src/stm32f4xx_hal_rcc.o
                0x08004188                HAL_RCC_GetSysClockFreq
 .text.HAL_RCC_GetHCLKFreq
                0x08004394       0x18 ./Drivers/STM32F4xx_HAL_Driver/Src/stm32f4xx_hal_rcc.o
                0x08004394                HAL_RCC_GetHCLKFreq
 .text.HAL_RCC_GetPCLK1Freq
                0x080043ac       0x28 ./Drivers/STM32F4xx_HAL_Driver/Src/stm32f4xx_hal_rcc.o
                0x080043ac                HAL_RCC_GetPCLK1Freq
 .text.HAL_RCC_GetPCLK2Freq
                0x080043d4       0x28 ./Drivers/STM32F4xx_HAL_Driver/Src/stm32f4xx_hal_rcc.o
                0x080043d4                HAL_RCC_GetPCLK2Freq
 .text.HAL_TIM_Base_Init
                0x080043fc       0x9e ./Drivers/STM32F4xx_HAL_Driver/Src/stm32f4xx_hal_tim.o
                0x080043fc                HAL_TIM_Base_Init
 *fill*         0x0800449a        0x2 
 .text.HAL_TIM_Base_Start_IT
                0x0800449c       0xe0 ./Drivers/STM32F4xx_HAL_Driver/Src/stm32f4xx_hal_tim.o
                0x0800449c                HAL_TIM_Base_Start_IT
 .text.HAL_TIM_PWM_Init
                0x0800457c       0x9e ./Drivers/STM32F4xx_HAL_Driver/Src/stm32f4xx_hal_tim.o
                0x0800457c                HAL_TIM_PWM_Init
 *fill*         0x0800461a        0x2 
 .text.HAL_TIM_PWM_Start
                0x0800461c      0x190 ./Drivers/STM32F4xx_HAL_Driver/Src/stm32f4xx_hal_tim.o
                0x0800461c                HAL_TIM_PWM_Start
 .text.HAL_TIM_Encoder_Init
                0x080047ac      0x14c ./Drivers/STM32F4xx_HAL_Driver/Src/stm32f4xx_hal_tim.o
                0x080047ac                HAL_TIM_Encoder_Init
 .text.HAL_TIM_Encoder_Start
                0x080048f8      0x11c ./Drivers/STM32F4xx_HAL_Driver/Src/stm32f4xx_hal_tim.o
                0x080048f8                HAL_TIM_Encoder_Start
 .text.HAL_TIM_IRQHandler
                0x08004a14      0x1e0 ./Drivers/STM32F4xx_HAL_Driver/Src/stm32f4xx_hal_tim.o
                0x08004a14                HAL_TIM_IRQHandler
 .text.HAL_TIM_PWM_ConfigChannel
                0x08004bf4      0x184 ./Drivers/STM32F4xx_HAL_Driver/Src/stm32f4xx_hal_tim.o
                0x08004bf4                HAL_TIM_PWM_ConfigChannel
 .text.HAL_TIM_OC_DelayElapsedCallback
                0x08004d78       0x14 ./Drivers/STM32F4xx_HAL_Driver/Src/stm32f4xx_hal_tim.o
                0x08004d78                HAL_TIM_OC_DelayElapsedCallback
 .text.HAL_TIM_IC_CaptureCallback
                0x08004d8c       0x14 ./Drivers/STM32F4xx_HAL_Driver/Src/stm32f4xx_hal_tim.o
                0x08004d8c                HAL_TIM_IC_CaptureCallback
 .text.HAL_TIM_PWM_PulseFinishedCallback
                0x08004da0       0x14 ./Drivers/STM32F4xx_HAL_Driver/Src/stm32f4xx_hal_tim.o
                0x08004da0                HAL_TIM_PWM_PulseFinishedCallback
 .text.HAL_TIM_TriggerCallback
                0x08004db4       0x14 ./Drivers/STM32F4xx_HAL_Driver/Src/stm32f4xx_hal_tim.o
                0x08004db4                HAL_TIM_TriggerCallback
 .text.TIM_Base_SetConfig
                0x08004dc8      0x14c ./Drivers/STM32F4xx_HAL_Driver/Src/stm32f4xx_hal_tim.o
                0x08004dc8                TIM_Base_SetConfig
 .text.TIM_OC1_SetConfig
                0x08004f14       0xe0 ./Drivers/STM32F4xx_HAL_Driver/Src/stm32f4xx_hal_tim.o
 .text.TIM_OC2_SetConfig
                0x08004ff4       0xec ./Drivers/STM32F4xx_HAL_Driver/Src/stm32f4xx_hal_tim.o
                0x08004ff4                TIM_OC2_SetConfig
 .text.TIM_OC3_SetConfig
                0x080050e0       0xe8 ./Drivers/STM32F4xx_HAL_Driver/Src/stm32f4xx_hal_tim.o
 .text.TIM_OC4_SetConfig
                0x080051c8       0xac ./Drivers/STM32F4xx_HAL_Driver/Src/stm32f4xx_hal_tim.o
 .text.TIM_CCxChannelCmd
                0x08005274       0x4a ./Drivers/STM32F4xx_HAL_Driver/Src/stm32f4xx_hal_tim.o
                0x08005274                TIM_CCxChannelCmd
 *fill*         0x080052be        0x2 
 .text.HAL_TIMEx_MasterConfigSynchronization
                0x080052c0       0xf8 ./Drivers/STM32F4xx_HAL_Driver/Src/stm32f4xx_hal_tim_ex.o
                0x080052c0                HAL_TIMEx_MasterConfigSynchronization
 .text.HAL_TIMEx_CommutCallback
                0x080053b8       0x14 ./Drivers/STM32F4xx_HAL_Driver/Src/stm32f4xx_hal_tim_ex.o
                0x080053b8                HAL_TIMEx_CommutCallback
 .text.HAL_TIMEx_BreakCallback
                0x080053cc       0x14 ./Drivers/STM32F4xx_HAL_Driver/Src/stm32f4xx_hal_tim_ex.o
                0x080053cc                HAL_TIMEx_BreakCallback
 .text.HAL_UART_Init
                0x080053e0       0xa0 ./Drivers/STM32F4xx_HAL_Driver/Src/stm32f4xx_hal_uart.o
                0x080053e0                HAL_UART_Init
 .text.HAL_UART_Receive_IT
                0x08005480       0x4a ./Drivers/STM32F4xx_HAL_Driver/Src/stm32f4xx_hal_uart.o
                0x08005480                HAL_UART_Receive_IT
 *fill*         0x080054ca        0x2 
 .text.HAL_UART_Transmit_DMA
                0x080054cc       0xf8 ./Drivers/STM32F4xx_HAL_Driver/Src/stm32f4xx_hal_uart.o
                0x080054cc                HAL_UART_Transmit_DMA
 .text.HAL_UART_AbortReceive
                0x080055c4      0x146 ./Drivers/STM32F4xx_HAL_Driver/Src/stm32f4xx_hal_uart.o
                0x080055c4                HAL_UART_AbortReceive
 *fill*         0x0800570a        0x2 
 .text.HAL_UART_IRQHandler
                0x0800570c      0x554 ./Drivers/STM32F4xx_HAL_Driver/Src/stm32f4xx_hal_uart.o
                0x0800570c                HAL_UART_IRQHandler
 .text.HAL_UART_TxCpltCallback
                0x08005c60       0x14 ./Drivers/STM32F4xx_HAL_Driver/Src/stm32f4xx_hal_uart.o
                0x08005c60                HAL_UART_TxCpltCallback
 .text.HAL_UART_TxHalfCpltCallback
                0x08005c74       0x14 ./Drivers/STM32F4xx_HAL_Driver/Src/stm32f4xx_hal_uart.o
                0x08005c74                HAL_UART_TxHalfCpltCallback
 .text.HAL_UARTEx_RxEventCallback
                0x08005c88       0x18 ./Drivers/STM32F4xx_HAL_Driver/Src/stm32f4xx_hal_uart.o
                0x08005c88                HAL_UARTEx_RxEventCallback
 .text.UART_DMATransmitCplt
                0x08005ca0       0x9a ./Drivers/STM32F4xx_HAL_Driver/Src/stm32f4xx_hal_uart.o
 .text.UART_DMATxHalfCplt
                0x08005d3a       0x1c ./Drivers/STM32F4xx_HAL_Driver/Src/stm32f4xx_hal_uart.o
 .text.UART_DMAError
                0x08005d56       0x94 ./Drivers/STM32F4xx_HAL_Driver/Src/stm32f4xx_hal_uart.o
 .text.UART_Start_Receive_IT
                0x08005dea       0x74 ./Drivers/STM32F4xx_HAL_Driver/Src/stm32f4xx_hal_uart.o
                0x08005dea                UART_Start_Receive_IT
 .text.UART_EndTxTransfer
                0x08005e5e       0x50 ./Drivers/STM32F4xx_HAL_Driver/Src/stm32f4xx_hal_uart.o
 .text.UART_EndRxTransfer
                0x08005eae       0xc6 ./Drivers/STM32F4xx_HAL_Driver/Src/stm32f4xx_hal_uart.o
 .text.UART_DMAAbortOnError
                0x08005f74       0x22 ./Drivers/STM32F4xx_HAL_Driver/Src/stm32f4xx_hal_uart.o
 .text.UART_Transmit_IT
                0x08005f96       0xa0 ./Drivers/STM32F4xx_HAL_Driver/Src/stm32f4xx_hal_uart.o
 .text.UART_EndTransmit_IT
                0x08006036       0x30 ./Drivers/STM32F4xx_HAL_Driver/Src/stm32f4xx_hal_uart.o
 .text.UART_Receive_IT
                0x08006066      0x17c ./Drivers/STM32F4xx_HAL_Driver/Src/stm32f4xx_hal_uart.o
 *fill*         0x080061e2        0x2 
 .text.UART_SetConfig
                0x080061e4      0x4e8 ./Drivers/STM32F4xx_HAL_Driver/Src/stm32f4xx_hal_uart.o
 .text.memset   0x080066cc       0x10 D:/ROBOTIC/KRTMI/STM 32/STM32CubeIDE_1.16.0/STM32CubeIDE/plugins/com.st.stm32cube.ide.mcu.externaltools.gnu-tools-for-stm32.12.3.rel1.win32_1.1.0.202410251130/tools/bin/../lib/gcc/arm-none-eabi/12.3.1/../../../../arm-none-eabi/lib/thumb/v7e-m+fp/hard\libc_nano.a(libc_a-memset.o)
                0x080066cc                memset
 .text.__libc_init_array
                0x080066dc       0x48 D:/ROBOTIC/KRTMI/STM 32/STM32CubeIDE_1.16.0/STM32CubeIDE/plugins/com.st.stm32cube.ide.mcu.externaltools.gnu-tools-for-stm32.12.3.rel1.win32_1.1.0.202410251130/tools/bin/../lib/gcc/arm-none-eabi/12.3.1/../../../../arm-none-eabi/lib/thumb/v7e-m+fp/hard\libc_nano.a(libc_a-init.o)
                0x080066dc                __libc_init_array
 *(.glue_7)
 .glue_7        0x08006724        0x0 linker stubs
 *(.glue_7t)
 .glue_7t       0x08006724        0x0 linker stubs
 *(.eh_frame)
 .eh_frame      0x08006724        0x0 D:/ROBOTIC/KRTMI/STM 32/STM32CubeIDE_1.16.0/STM32CubeIDE/plugins/com.st.stm32cube.ide.mcu.externaltools.gnu-tools-for-stm32.12.3.rel1.win32_1.1.0.202410251130/tools/bin/../lib/gcc/arm-none-eabi/12.3.1/thumb/v7e-m+fp/hard/crtbegin.o
 *(.init)
 .init          0x08006724        0x4 D:/ROBOTIC/KRTMI/STM 32/STM32CubeIDE_1.16.0/STM32CubeIDE/plugins/com.st.stm32cube.ide.mcu.externaltools.gnu-tools-for-stm32.12.3.rel1.win32_1.1.0.202410251130/tools/bin/../lib/gcc/arm-none-eabi/12.3.1/thumb/v7e-m+fp/hard/crti.o
                0x08006724                _init
 .init          0x08006728        0x8 D:/ROBOTIC/KRTMI/STM 32/STM32CubeIDE_1.16.0/STM32CubeIDE/plugins/com.st.stm32cube.ide.mcu.externaltools.gnu-tools-for-stm32.12.3.rel1.win32_1.1.0.202410251130/tools/bin/../lib/gcc/arm-none-eabi/12.3.1/thumb/v7e-m+fp/hard/crtn.o
 *(.fini)
 .fini          0x08006730        0x4 D:/ROBOTIC/KRTMI/STM 32/STM32CubeIDE_1.16.0/STM32CubeIDE/plugins/com.st.stm32cube.ide.mcu.externaltools.gnu-tools-for-stm32.12.3.rel1.win32_1.1.0.202410251130/tools/bin/../lib/gcc/arm-none-eabi/12.3.1/thumb/v7e-m+fp/hard/crti.o
                0x08006730                _fini
 .fini          0x08006734        0x8 D:/ROBOTIC/KRTMI/STM 32/STM32CubeIDE_1.16.0/STM32CubeIDE/plugins/com.st.stm32cube.ide.mcu.externaltools.gnu-tools-for-stm32.12.3.rel1.win32_1.1.0.202410251130/tools/bin/../lib/gcc/arm-none-eabi/12.3.1/thumb/v7e-m+fp/hard/crtn.o
                0x0800673c                        . = ALIGN (0x4)
                0x0800673c                        _etext = .

.vfp11_veneer   0x0800673c        0x0
 .vfp11_veneer  0x0800673c        0x0 linker stubs

.v4_bx          0x0800673c        0x0
 .v4_bx         0x0800673c        0x0 linker stubs

.iplt           0x0800673c        0x0
 .iplt          0x0800673c        0x0 D:/ROBOTIC/KRTMI/STM 32/STM32CubeIDE_1.16.0/STM32CubeIDE/plugins/com.st.stm32cube.ide.mcu.externaltools.gnu-tools-for-stm32.12.3.rel1.win32_1.1.0.202410251130/tools/bin/../lib/gcc/arm-none-eabi/12.3.1/thumb/v7e-m+fp/hard/crtbegin.o

.rodata         0x0800673c       0x20
                0x0800673c                        . = ALIGN (0x4)
 *(.rodata)
 *(.rodata*)
 .rodata.AHBPrescTable
                0x0800673c       0x10 ./Core/Src/system_stm32f4xx.o
                0x0800673c                AHBPrescTable
 .rodata.APBPrescTable
                0x0800674c        0x8 ./Core/Src/system_stm32f4xx.o
                0x0800674c                APBPrescTable
 .rodata.flagBitshiftOffset.0
                0x08006754        0x8 ./Drivers/STM32F4xx_HAL_Driver/Src/stm32f4xx_hal_dma.o
                0x0800675c                        . = ALIGN (0x4)

.ARM.extab      0x0800675c        0x0
                0x0800675c                        . = ALIGN (0x4)
 *(.ARM.extab* .gnu.linkonce.armextab.*)
                0x0800675c                        . = ALIGN (0x4)

.ARM            0x0800675c        0x8
                0x0800675c                        . = ALIGN (0x4)
                0x0800675c                        __exidx_start = .
 *(.ARM.exidx*)
 .ARM.exidx     0x0800675c        0x8 D:/ROBOTIC/KRTMI/STM 32/STM32CubeIDE_1.16.0/STM32CubeIDE/plugins/com.st.stm32cube.ide.mcu.externaltools.gnu-tools-for-stm32.12.3.rel1.win32_1.1.0.202410251130/tools/bin/../lib/gcc/arm-none-eabi/12.3.1/thumb/v7e-m+fp/hard\libgcc.a(_udivmoddi4.o)
                0x08006764                        __exidx_end = .
                0x08006764                        . = ALIGN (0x4)

.preinit_array  0x08006764        0x0
                0x08006764                        . = ALIGN (0x4)
                0x08006764                        PROVIDE (__preinit_array_start = .)
 *(.preinit_array*)
                0x08006764                        PROVIDE (__preinit_array_end = .)
                0x08006764                        . = ALIGN (0x4)

.init_array     0x08006764        0x4
                0x08006764                        . = ALIGN (0x4)
                0x08006764                        PROVIDE (__init_array_start = .)
 *(SORT_BY_NAME(.init_array.*))
 *(.init_array*)
 .init_array    0x08006764        0x4 D:/ROBOTIC/KRTMI/STM 32/STM32CubeIDE_1.16.0/STM32CubeIDE/plugins/com.st.stm32cube.ide.mcu.externaltools.gnu-tools-for-stm32.12.3.rel1.win32_1.1.0.202410251130/tools/bin/../lib/gcc/arm-none-eabi/12.3.1/thumb/v7e-m+fp/hard/crtbegin.o
                0x08006768                        PROVIDE (__init_array_end = .)
                0x08006768                        . = ALIGN (0x4)

.fini_array     0x08006768        0x4
                0x08006768                        . = ALIGN (0x4)
                [!provide]                        PROVIDE (__fini_array_start = .)
 *(SORT_BY_NAME(.fini_array.*))
 *(.fini_array*)
 .fini_array    0x08006768        0x4 D:/ROBOTIC/KRTMI/STM 32/STM32CubeIDE_1.16.0/STM32CubeIDE/plugins/com.st.stm32cube.ide.mcu.externaltools.gnu-tools-for-stm32.12.3.rel1.win32_1.1.0.202410251130/tools/bin/../lib/gcc/arm-none-eabi/12.3.1/thumb/v7e-m+fp/hard/crtbegin.o
                [!provide]                        PROVIDE (__fini_array_end = .)
                0x0800676c                        . = ALIGN (0x4)
                0x0800676c                        _sidata = LOADADDR (.data)

.rel.dyn        0x0800676c        0x0
 .rel.iplt      0x0800676c        0x0 D:/ROBOTIC/KRTMI/STM 32/STM32CubeIDE_1.16.0/STM32CubeIDE/plugins/com.st.stm32cube.ide.mcu.externaltools.gnu-tools-for-stm32.12.3.rel1.win32_1.1.0.202410251130/tools/bin/../lib/gcc/arm-none-eabi/12.3.1/thumb/v7e-m+fp/hard/crtbegin.o

.data           0x20000000       0x4c load address 0x0800676c
                0x20000000                        . = ALIGN (0x4)
                0x20000000                        _sdata = .
 *(.data)
 *(.data*)
 .data.relay_state
                0x20000000        0x1 ./Core/Src/main.o
                0x20000000                relay_state
 *fill*         0x20000001        0x3 
 .data.UART1_TX_BUFFER
                0x20000004       0x35 ./Core/Src/main.o
                0x20000004                UART1_TX_BUFFER
 .data.LIM_SW2_STAT
                0x20000039        0x1 ./Core/Src/main.o
                0x20000039                LIM_SW2_STAT
 .data.LIM_SW3_STAT
                0x2000003a        0x1 ./Core/Src/main.o
                0x2000003a                LIM_SW3_STAT
 .data.button1_state
                0x2000003b        0x1 ./Core/Src/main.o
                0x2000003b                button1_state
 .data.button2_state
                0x2000003c        0x1 ./Core/Src/main.o
                0x2000003c                button2_state
 *fill*         0x2000003d        0x3 
 .data.SystemCoreClock
                0x20000040        0x4 ./Core/Src/system_stm32f4xx.o
                0x20000040                SystemCoreClock
 .data.uwTickPrio
                0x20000044        0x4 ./Drivers/STM32F4xx_HAL_Driver/Src/stm32f4xx_hal.o
                0x20000044                uwTickPrio
 .data.uwTickFreq
                0x20000048        0x1 ./Drivers/STM32F4xx_HAL_Driver/Src/stm32f4xx_hal.o
                0x20000048                uwTickFreq
 *(.RamFunc)
 *(.RamFunc*)
                0x2000004c                        . = ALIGN (0x4)
 *fill*         0x20000049        0x3 
                0x2000004c                        _edata = .
                0x080067b8                        _siccmram = LOADADDR (.ccmram)

.igot.plt       0x2000004c        0x0 load address 0x080067b8
 .igot.plt      0x2000004c        0x0 D:/ROBOTIC/KRTMI/STM 32/STM32CubeIDE_1.16.0/STM32CubeIDE/plugins/com.st.stm32cube.ide.mcu.externaltools.gnu-tools-for-stm32.12.3.rel1.win32_1.1.0.202410251130/tools/bin/../lib/gcc/arm-none-eabi/12.3.1/thumb/v7e-m+fp/hard/crtbegin.o

.ccmram         0x10000000        0x0 load address 0x080067b8
                0x10000000                        . = ALIGN (0x4)
                0x10000000                        _sccmram = .
 *(.ccmram)
 *(.ccmram*)
                0x10000000                        . = ALIGN (0x4)
                0x10000000                        _eccmram = .
                0x10000000                        . = ALIGN (0x4)

.bss            0x2000004c      0x6a8
                0x2000004c                        _sbss = .
                0x2000004c                        __bss_start__ = _sbss
 *(.bss)
 .bss           0x2000004c       0x1c D:/ROBOTIC/KRTMI/STM 32/STM32CubeIDE_1.16.0/STM32CubeIDE/plugins/com.st.stm32cube.ide.mcu.externaltools.gnu-tools-for-stm32.12.3.rel1.win32_1.1.0.202410251130/tools/bin/../lib/gcc/arm-none-eabi/12.3.1/thumb/v7e-m+fp/hard/crtbegin.o
 *(.bss*)
 .bss.htim1     0x20000068       0x48 ./Core/Src/main.o
                0x20000068                htim1
 .bss.htim2     0x200000b0       0x48 ./Core/Src/main.o
                0x200000b0                htim2
 .bss.htim3     0x200000f8       0x48 ./Core/Src/main.o
                0x200000f8                htim3
 .bss.htim4     0x20000140       0x48 ./Core/Src/main.o
                0x20000140                htim4
 .bss.htim5     0x20000188       0x48 ./Core/Src/main.o
                0x20000188                htim5
 .bss.htim6     0x200001d0       0x48 ./Core/Src/main.o
                0x200001d0                htim6
 .bss.htim8     0x20000218       0x48 ./Core/Src/main.o
                0x20000218                htim8
 .bss.htim9     0x20000260       0x48 ./Core/Src/main.o
                0x20000260                htim9
 .bss.htim10    0x200002a8       0x48 ./Core/Src/main.o
                0x200002a8                htim10
 .bss.htim11    0x200002f0       0x48 ./Core/Src/main.o
                0x200002f0                htim11
 .bss.htim12    0x20000338       0x48 ./Core/Src/main.o
                0x20000338                htim12
 .bss.htim13    0x20000380       0x48 ./Core/Src/main.o
                0x20000380                htim13
 .bss.htim14    0x200003c8       0x48 ./Core/Src/main.o
                0x200003c8                htim14
 .bss.huart4    0x20000410       0x48 ./Core/Src/main.o
                0x20000410                huart4
 .bss.huart5    0x20000458       0x48 ./Core/Src/main.o
                0x20000458                huart5
 .bss.huart1    0x200004a0       0x48 ./Core/Src/main.o
                0x200004a0                huart1
 .bss.huart2    0x200004e8       0x48 ./Core/Src/main.o
                0x200004e8                huart2
 .bss.huart3    0x20000530       0x48 ./Core/Src/main.o
                0x20000530                huart3
 .bss.hdma_usart1_rx
                0x20000578       0x60 ./Core/Src/main.o
                0x20000578                hdma_usart1_rx
 .bss.hdma_usart1_tx
                0x200005d8       0x60 ./Core/Src/main.o
                0x200005d8                hdma_usart1_tx
 .bss.rst_cnt   0x20000638        0x2 ./Core/Src/main.o
                0x20000638                rst_cnt
 .bss.rst_state
                0x2000063a        0x1 ./Core/Src/main.o
                0x2000063a                rst_state
 *fill*         0x2000063b        0x1 
 .bss.enc1_cnt  0x2000063c        0x2 ./Core/Src/main.o
                0x2000063c                enc1_cnt
 .bss.enc2_cnt  0x2000063e        0x2 ./Core/Src/main.o
                0x2000063e                enc2_cnt
 .bss.enc3_cnt  0x20000640        0x2 ./Core/Src/main.o
                0x20000640                enc3_cnt
 .bss.arm_state
                0x20000642        0x1 ./Core/Src/main.o
                0x20000642                arm_state
 .bss.arm_pos   0x20000643        0x1 ./Core/Src/main.o
                0x20000643                arm_pos
 .bss.arm_cnt_ms
                0x20000644        0x2 ./Core/Src/main.o
                0x20000644                arm_cnt_ms
 *fill*         0x20000646        0x2 
 .bss.pid_rotation
                0x20000648       0x30 ./Core/Src/main.o
                0x20000648                pid_rotation
 .bss.pid_horizontal
                0x20000678       0x30 ./Core/Src/main.o
                0x20000678                pid_horizontal
 .bss.pid_vertical
                0x200006a8       0x30 ./Core/Src/main.o
                0x200006a8                pid_vertical
 .bss.UART1_RX_BUFFER
                0x200006d8        0xc ./Core/Src/main.o
                0x200006d8                UART1_RX_BUFFER
 .bss.arm_ready
                0x200006e4        0x1 ./Core/Src/main.o
                0x200006e4                arm_ready
 .bss.robot_start
                0x200006e5        0x1 ./Core/Src/main.o
                0x200006e5                robot_start
 .bss.robot_reset
                0x200006e6        0x1 ./Core/Src/main.o
                0x200006e6                robot_reset
 *fill*         0x200006e7        0x1 
 .bss.setpoint_rotation
                0x200006e8        0x2 ./Core/Src/main.o
                0x200006e8                setpoint_rotation
 .bss.setpoint_horizontal
                0x200006ea        0x2 ./Core/Src/main.o
                0x200006ea                setpoint_horizontal
 .bss.setpoint_vertical
                0x200006ec        0x2 ./Core/Src/main.o
                0x200006ec                setpoint_vertical
 .bss.wait_timer.0
                0x200006ee        0x2 ./Core/Src/main.o
 .bss.uwTick    0x200006f0        0x4 ./Drivers/STM32F4xx_HAL_Driver/Src/stm32f4xx_hal.o
                0x200006f0                uwTick
 *(COMMON)
                0x200006f4                        . = ALIGN (0x4)
                0x200006f4                        _ebss = .
                0x200006f4                        __bss_end__ = _ebss

._user_heap_stack
                0x200006f4      0x604
                0x200006f8                        . = ALIGN (0x8)
 *fill*         0x200006f4        0x4 
                [!provide]                        PROVIDE (end = .)
                0x200006f8                        PROVIDE (_end = .)
                0x200008f8                        . = (. + _Min_Heap_Size)
 *fill*         0x200006f8      0x200 
                0x20000cf8                        . = (. + _Min_Stack_Size)
 *fill*         0x200008f8      0x400 
                0x20000cf8                        . = ALIGN (0x8)

/DISCARD/
 libc.a(*)
 libm.a(*)
 libgcc.a(*)

.ARM.attributes
                0x00000000       0x30
 *(.ARM.attributes)
 .ARM.attributes
                0x00000000       0x22 D:/ROBOTIC/KRTMI/STM 32/STM32CubeIDE_1.16.0/STM32CubeIDE/plugins/com.st.stm32cube.ide.mcu.externaltools.gnu-tools-for-stm32.12.3.rel1.win32_1.1.0.202410251130/tools/bin/../lib/gcc/arm-none-eabi/12.3.1/thumb/v7e-m+fp/hard/crti.o
 .ARM.attributes
                0x00000022       0x34 D:/ROBOTIC/KRTMI/STM 32/STM32CubeIDE_1.16.0/STM32CubeIDE/plugins/com.st.stm32cube.ide.mcu.externaltools.gnu-tools-for-stm32.12.3.rel1.win32_1.1.0.202410251130/tools/bin/../lib/gcc/arm-none-eabi/12.3.1/thumb/v7e-m+fp/hard/crtbegin.o
 .ARM.attributes
                0x00000056       0x34 ./Core/Src/main.o
 .ARM.attributes
                0x0000008a       0x34 ./Core/Src/pid.o
 .ARM.attributes
                0x000000be       0x34 ./Core/Src/stm32f4xx_hal_msp.o
 .ARM.attributes
                0x000000f2       0x34 ./Core/Src/stm32f4xx_it.o
 .ARM.attributes
                0x00000126       0x34 ./Core/Src/system_stm32f4xx.o
 .ARM.attributes
                0x0000015a       0x21 ./Core/Startup/startup_stm32f407vgtx.o
 .ARM.attributes
                0x0000017b       0x34 ./Drivers/STM32F4xx_HAL_Driver/Src/stm32f4xx_hal.o
 .ARM.attributes
                0x000001af       0x34 ./Drivers/STM32F4xx_HAL_Driver/Src/stm32f4xx_hal_cortex.o
 .ARM.attributes
                0x000001e3       0x34 ./Drivers/STM32F4xx_HAL_Driver/Src/stm32f4xx_hal_dma.o
 .ARM.attributes
                0x00000217       0x34 ./Drivers/STM32F4xx_HAL_Driver/Src/stm32f4xx_hal_gpio.o
 .ARM.attributes
                0x0000024b       0x34 ./Drivers/STM32F4xx_HAL_Driver/Src/stm32f4xx_hal_rcc.o
 .ARM.attributes
                0x0000027f       0x34 ./Drivers/STM32F4xx_HAL_Driver/Src/stm32f4xx_hal_tim.o
 .ARM.attributes
                0x000002b3       0x34 ./Drivers/STM32F4xx_HAL_Driver/Src/stm32f4xx_hal_tim_ex.o
 .ARM.attributes
                0x000002e7       0x34 ./Drivers/STM32F4xx_HAL_Driver/Src/stm32f4xx_hal_uart.o
 .ARM.attributes
                0x0000031b       0x34 D:/ROBOTIC/KRTMI/STM 32/STM32CubeIDE_1.16.0/STM32CubeIDE/plugins/com.st.stm32cube.ide.mcu.externaltools.gnu-tools-for-stm32.12.3.rel1.win32_1.1.0.202410251130/tools/bin/../lib/gcc/arm-none-eabi/12.3.1/../../../../arm-none-eabi/lib/thumb/v7e-m+fp/hard\libc_nano.a(libc_a-memset.o)
 .ARM.attributes
                0x0000034f       0x34 D:/ROBOTIC/KRTMI/STM 32/STM32CubeIDE_1.16.0/STM32CubeIDE/plugins/com.st.stm32cube.ide.mcu.externaltools.gnu-tools-for-stm32.12.3.rel1.win32_1.1.0.202410251130/tools/bin/../lib/gcc/arm-none-eabi/12.3.1/../../../../arm-none-eabi/lib/thumb/v7e-m+fp/hard\libc_nano.a(libc_a-init.o)
 .ARM.attributes
                0x00000383       0x22 D:/ROBOTIC/KRTMI/STM 32/STM32CubeIDE_1.16.0/STM32CubeIDE/plugins/com.st.stm32cube.ide.mcu.externaltools.gnu-tools-for-stm32.12.3.rel1.win32_1.1.0.202410251130/tools/bin/../lib/gcc/arm-none-eabi/12.3.1/thumb/v7e-m+fp/hard\libgcc.a(_aeabi_uldivmod.o)
 .ARM.attributes
                0x000003a5       0x34 D:/ROBOTIC/KRTMI/STM 32/STM32CubeIDE_1.16.0/STM32CubeIDE/plugins/com.st.stm32cube.ide.mcu.externaltools.gnu-tools-for-stm32.12.3.rel1.win32_1.1.0.202410251130/tools/bin/../lib/gcc/arm-none-eabi/12.3.1/thumb/v7e-m+fp/hard\libgcc.a(_udivmoddi4.o)
 .ARM.attributes
                0x000003d9       0x22 D:/ROBOTIC/KRTMI/STM 32/STM32CubeIDE_1.16.0/STM32CubeIDE/plugins/com.st.stm32cube.ide.mcu.externaltools.gnu-tools-for-stm32.12.3.rel1.win32_1.1.0.202410251130/tools/bin/../lib/gcc/arm-none-eabi/12.3.1/thumb/v7e-m+fp/hard\libgcc.a(_dvmd_tls.o)
 .ARM.attributes
                0x000003fb       0x22 D:/ROBOTIC/KRTMI/STM 32/STM32CubeIDE_1.16.0/STM32CubeIDE/plugins/com.st.stm32cube.ide.mcu.externaltools.gnu-tools-for-stm32.12.3.rel1.win32_1.1.0.202410251130/tools/bin/../lib/gcc/arm-none-eabi/12.3.1/thumb/v7e-m+fp/hard/crtn.o
OUTPUT(ARMP2_darrell.elf elf32-littlearm)
LOAD linker stubs
LOAD D:/ROBOTIC/KRTMI/STM 32/STM32CubeIDE_1.16.0/STM32CubeIDE/plugins/com.st.stm32cube.ide.mcu.externaltools.gnu-tools-for-stm32.12.3.rel1.win32_1.1.0.202410251130/tools/bin/../lib/gcc/arm-none-eabi/12.3.1/../../../../arm-none-eabi/lib/thumb/v7e-m+fp/hard\libc.a
LOAD D:/ROBOTIC/KRTMI/STM 32/STM32CubeIDE_1.16.0/STM32CubeIDE/plugins/com.st.stm32cube.ide.mcu.externaltools.gnu-tools-for-stm32.12.3.rel1.win32_1.1.0.202410251130/tools/bin/../lib/gcc/arm-none-eabi/12.3.1/../../../../arm-none-eabi/lib/thumb/v7e-m+fp/hard\libm.a
LOAD D:/ROBOTIC/KRTMI/STM 32/STM32CubeIDE_1.16.0/STM32CubeIDE/plugins/com.st.stm32cube.ide.mcu.externaltools.gnu-tools-for-stm32.12.3.rel1.win32_1.1.0.202410251130/tools/bin/../lib/gcc/arm-none-eabi/12.3.1/thumb/v7e-m+fp/hard\libgcc.a

.debug_info     0x00000000     0xe145
 .debug_info    0x00000000     0x1f15 ./Core/Src/main.o
 .debug_info    0x00001f15      0x1b9 ./Core/Src/pid.o
 .debug_info    0x000020ce     0x1448 ./Core/Src/stm32f4xx_hal_msp.o
 .debug_info    0x00003516      0x9e9 ./Core/Src/stm32f4xx_it.o
 .debug_info    0x00003eff      0x512 ./Core/Src/system_stm32f4xx.o
 .debug_info    0x00004411       0x30 ./Core/Startup/startup_stm32f407vgtx.o
 .debug_info    0x00004441      0x944 ./Drivers/STM32F4xx_HAL_Driver/Src/stm32f4xx_hal.o
 .debug_info    0x00004d85      0xd8c ./Drivers/STM32F4xx_HAL_Driver/Src/stm32f4xx_hal_cortex.o
 .debug_info    0x00005b11      0x8e7 ./Drivers/STM32F4xx_HAL_Driver/Src/stm32f4xx_hal_dma.o
 .debug_info    0x000063f8      0x6c3 ./Drivers/STM32F4xx_HAL_Driver/Src/stm32f4xx_hal_gpio.o
 .debug_info    0x00006abb      0x8c3 ./Drivers/STM32F4xx_HAL_Driver/Src/stm32f4xx_hal_rcc.o
 .debug_info    0x0000737e     0x299d ./Drivers/STM32F4xx_HAL_Driver/Src/stm32f4xx_hal_tim.o
 .debug_info    0x00009d1b     0x14db ./Drivers/STM32F4xx_HAL_Driver/Src/stm32f4xx_hal_tim_ex.o
 .debug_info    0x0000b1f6     0x2f4f ./Drivers/STM32F4xx_HAL_Driver/Src/stm32f4xx_hal_uart.o

.debug_abbrev   0x00000000     0x1dcf
 .debug_abbrev  0x00000000      0x369 ./Core/Src/main.o
 .debug_abbrev  0x00000369       0xd1 ./Core/Src/pid.o
 .debug_abbrev  0x0000043a      0x27a ./Core/Src/stm32f4xx_hal_msp.o
 .debug_abbrev  0x000006b4      0x1b4 ./Core/Src/stm32f4xx_it.o
 .debug_abbrev  0x00000868      0x11a ./Core/Src/system_stm32f4xx.o
 .debug_abbrev  0x00000982       0x24 ./Core/Startup/startup_stm32f407vgtx.o
 .debug_abbrev  0x000009a6      0x214 ./Drivers/STM32F4xx_HAL_Driver/Src/stm32f4xx_hal.o
 .debug_abbrev  0x00000bba      0x31d ./Drivers/STM32F4xx_HAL_Driver/Src/stm32f4xx_hal_cortex.o
 .debug_abbrev  0x00000ed7      0x264 ./Drivers/STM32F4xx_HAL_Driver/Src/stm32f4xx_hal_dma.o
 .debug_abbrev  0x0000113b      0x1d4 ./Drivers/STM32F4xx_HAL_Driver/Src/stm32f4xx_hal_gpio.o
 .debug_abbrev  0x0000130f      0x2b7 ./Drivers/STM32F4xx_HAL_Driver/Src/stm32f4xx_hal_rcc.o
 .debug_abbrev  0x000015c6      0x278 ./Drivers/STM32F4xx_HAL_Driver/Src/stm32f4xx_hal_tim.o
 .debug_abbrev  0x0000183e      0x283 ./Drivers/STM32F4xx_HAL_Driver/Src/stm32f4xx_hal_tim_ex.o
 .debug_abbrev  0x00001ac1      0x30e ./Drivers/STM32F4xx_HAL_Driver/Src/stm32f4xx_hal_uart.o

.debug_aranges  0x00000000      0xd68
 .debug_aranges
                0x00000000      0x130 ./Core/Src/main.o
 .debug_aranges
                0x00000130       0x28 ./Core/Src/pid.o
 .debug_aranges
                0x00000158       0x68 ./Core/Src/stm32f4xx_hal_msp.o
 .debug_aranges
                0x000001c0       0x88 ./Core/Src/stm32f4xx_it.o
 .debug_aranges
                0x00000248       0x28 ./Core/Src/system_stm32f4xx.o
 .debug_aranges
                0x00000270       0x28 ./Core/Startup/startup_stm32f407vgtx.o
 .debug_aranges
                0x00000298       0xf0 ./Drivers/STM32F4xx_HAL_Driver/Src/stm32f4xx_hal.o
 .debug_aranges
                0x00000388      0x130 ./Drivers/STM32F4xx_HAL_Driver/Src/stm32f4xx_hal_cortex.o
 .debug_aranges
                0x000004b8       0x90 ./Drivers/STM32F4xx_HAL_Driver/Src/stm32f4xx_hal_dma.o
 .debug_aranges
                0x00000548       0x58 ./Drivers/STM32F4xx_HAL_Driver/Src/stm32f4xx_hal_gpio.o
 .debug_aranges
                0x000005a0       0x88 ./Drivers/STM32F4xx_HAL_Driver/Src/stm32f4xx_hal_rcc.o
 .debug_aranges
                0x00000628      0x3d0 ./Drivers/STM32F4xx_HAL_Driver/Src/stm32f4xx_hal_tim.o
 .debug_aranges
                0x000009f8      0x168 ./Drivers/STM32F4xx_HAL_Driver/Src/stm32f4xx_hal_tim_ex.o
 .debug_aranges
                0x00000b60      0x208 ./Drivers/STM32F4xx_HAL_Driver/Src/stm32f4xx_hal_uart.o

.debug_rnglists
                0x00000000      0xa8e
 .debug_rnglists
                0x00000000       0xf1 ./Core/Src/main.o
 .debug_rnglists
                0x000000f1       0x1a ./Core/Src/pid.o
 .debug_rnglists
                0x0000010b       0x50 ./Core/Src/stm32f4xx_hal_msp.o
 .debug_rnglists
                0x0000015b       0x61 ./Core/Src/stm32f4xx_it.o
 .debug_rnglists
                0x000001bc       0x1a ./Core/Src/system_stm32f4xx.o
 .debug_rnglists
                0x000001d6       0x19 ./Core/Startup/startup_stm32f407vgtx.o
 .debug_rnglists
                0x000001ef       0xaf ./Drivers/STM32F4xx_HAL_Driver/Src/stm32f4xx_hal.o
 .debug_rnglists
                0x0000029e       0xe0 ./Drivers/STM32F4xx_HAL_Driver/Src/stm32f4xx_hal_cortex.o
 .debug_rnglists
                0x0000037e       0x70 ./Drivers/STM32F4xx_HAL_Driver/Src/stm32f4xx_hal_dma.o
 .debug_rnglists
                0x000003ee       0x3f ./Drivers/STM32F4xx_HAL_Driver/Src/stm32f4xx_hal_gpio.o
 .debug_rnglists
                0x0000042d       0x66 ./Drivers/STM32F4xx_HAL_Driver/Src/stm32f4xx_hal_rcc.o
 .debug_rnglists
                0x00000493      0x31a ./Drivers/STM32F4xx_HAL_Driver/Src/stm32f4xx_hal_tim.o
 .debug_rnglists
                0x000007ad      0x125 ./Drivers/STM32F4xx_HAL_Driver/Src/stm32f4xx_hal_tim_ex.o
 .debug_rnglists
                0x000008d2      0x1bc ./Drivers/STM32F4xx_HAL_Driver/Src/stm32f4xx_hal_uart.o

.debug_macro    0x00000000    0x210d9
 .debug_macro   0x00000000      0x365 ./Core/Src/main.o
 .debug_macro   0x00000365      0xab4 ./Core/Src/main.o
 .debug_macro   0x00000e19      0x29b ./Core/Src/main.o
 .debug_macro   0x000010b4       0x2e ./Core/Src/main.o
 .debug_macro   0x000010e2       0x2f ./Core/Src/main.o
 .debug_macro   0x00001111       0x22 ./Core/Src/main.o
 .debug_macro   0x00001133       0x8e ./Core/Src/main.o
 .debug_macro   0x000011c1       0x51 ./Core/Src/main.o
 .debug_macro   0x00001212      0x103 ./Core/Src/main.o
 .debug_macro   0x00001315       0x6a ./Core/Src/main.o
 .debug_macro   0x0000137f      0x1df ./Core/Src/main.o
 .debug_macro   0x0000155e       0x1c ./Core/Src/main.o
 .debug_macro   0x0000157a       0x22 ./Core/Src/main.o
 .debug_macro   0x0000159c       0xfb ./Core/Src/main.o
 .debug_macro   0x00001697     0x1011 ./Core/Src/main.o
 .debug_macro   0x000026a8      0x11f ./Core/Src/main.o
 .debug_macro   0x000027c7    0x15ea5 ./Core/Src/main.o
 .debug_macro   0x0001866c       0x6d ./Core/Src/main.o
 .debug_macro   0x000186d9     0x3693 ./Core/Src/main.o
 .debug_macro   0x0001bd6c      0x189 ./Core/Src/main.o
 .debug_macro   0x0001bef5       0x5c ./Core/Src/main.o
 .debug_macro   0x0001bf51      0x980 ./Core/Src/main.o
 .debug_macro   0x0001c8d1      0x9e9 ./Core/Src/main.o
 .debug_macro   0x0001d2ba      0x115 ./Core/Src/main.o
 .debug_macro   0x0001d3cf      0x13e ./Core/Src/main.o
 .debug_macro   0x0001d50d       0xa5 ./Core/Src/main.o
 .debug_macro   0x0001d5b2      0x174 ./Core/Src/main.o
 .debug_macro   0x0001d726      0x287 ./Core/Src/main.o
 .debug_macro   0x0001d9ad       0x5f ./Core/Src/main.o
 .debug_macro   0x0001da0c      0x236 ./Core/Src/main.o
 .debug_macro   0x0001dc42      0x12c ./Core/Src/main.o
 .debug_macro   0x0001dd6e      0x21e ./Core/Src/main.o
 .debug_macro   0x0001df8c       0x2e ./Core/Src/main.o
 .debug_macro   0x0001dfba      0x127 ./Core/Src/main.o
 .debug_macro   0x0001e0e1       0x7e ./Core/Src/main.o
 .debug_macro   0x0001e15f       0x89 ./Core/Src/main.o
 .debug_macro   0x0001e1e8      0x8ed ./Core/Src/main.o
 .debug_macro   0x0001ead5       0x4d ./Core/Src/main.o
 .debug_macro   0x0001eb22      0x2aa ./Core/Src/main.o
 .debug_macro   0x0001edcc      0x12d ./Core/Src/main.o
 .debug_macro   0x0001eef9       0x61 ./Core/Src/main.o
 .debug_macro   0x0001ef5a       0x2a ./Core/Src/main.o
 .debug_macro   0x0001ef84       0x43 ./Core/Src/main.o
 .debug_macro   0x0001efc7       0x34 ./Core/Src/main.o
 .debug_macro   0x0001effb       0x16 ./Core/Src/main.o
 .debug_macro   0x0001f011       0x35 ./Core/Src/main.o
 .debug_macro   0x0001f046      0x369 ./Core/Src/main.o
 .debug_macro   0x0001f3af       0x10 ./Core/Src/main.o
 .debug_macro   0x0001f3bf       0x16 ./Core/Src/main.o
 .debug_macro   0x0001f3d5       0x43 ./Core/Src/main.o
 .debug_macro   0x0001f418       0x34 ./Core/Src/main.o
 .debug_macro   0x0001f44c       0x10 ./Core/Src/main.o
 .debug_macro   0x0001f45c       0x58 ./Core/Src/main.o
 .debug_macro   0x0001f4b4       0x8e ./Core/Src/main.o
 .debug_macro   0x0001f542       0x1c ./Core/Src/main.o
 .debug_macro   0x0001f55e      0x177 ./Core/Src/main.o
 .debug_macro   0x0001f6d5       0x16 ./Core/Src/main.o
 .debug_macro   0x0001f6eb       0x16 ./Core/Src/main.o
 .debug_macro   0x0001f701      0x146 ./Core/Src/main.o
 .debug_macro   0x0001f847       0x16 ./Core/Src/main.o
 .debug_macro   0x0001f85d       0x16 ./Core/Src/main.o
 .debug_macro   0x0001f873       0x29 ./Core/Src/main.o
 .debug_macro   0x0001f89c       0x16 ./Core/Src/main.o
 .debug_macro   0x0001f8b2       0x20 ./Core/Src/main.o
 .debug_macro   0x0001f8d2      0x19b ./Core/Src/main.o
 .debug_macro   0x0001fa6d      0x1e2 ./Core/Src/pid.o
 .debug_macro   0x0001fc4f      0x1d8 ./Core/Src/stm32f4xx_hal_msp.o
 .debug_macro   0x0001fe27      0x1e2 ./Core/Src/stm32f4xx_it.o
 .debug_macro   0x00020009      0x1ce ./Core/Src/system_stm32f4xx.o
 .debug_macro   0x000201d7      0x22e ./Drivers/STM32F4xx_HAL_Driver/Src/stm32f4xx_hal.o
 .debug_macro   0x00020405      0x1ce ./Drivers/STM32F4xx_HAL_Driver/Src/stm32f4xx_hal_cortex.o
 .debug_macro   0x000205d3      0x1d4 ./Drivers/STM32F4xx_HAL_Driver/Src/stm32f4xx_hal_dma.o
 .debug_macro   0x000207a7      0x1d4 ./Drivers/STM32F4xx_HAL_Driver/Src/stm32f4xx_hal_gpio.o
 .debug_macro   0x0002097b      0x1f2 ./Drivers/STM32F4xx_HAL_Driver/Src/stm32f4xx_hal_rcc.o
 .debug_macro   0x00020b6d      0x1cf ./Drivers/STM32F4xx_HAL_Driver/Src/stm32f4xx_hal_tim.o
 .debug_macro   0x00020d3c      0x1ce ./Drivers/STM32F4xx_HAL_Driver/Src/stm32f4xx_hal_tim_ex.o
 .debug_macro   0x00020f0a      0x1cf ./Drivers/STM32F4xx_HAL_Driver/Src/stm32f4xx_hal_uart.o

.debug_line     0x00000000     0xffce
 .debug_line    0x00000000     0x1769 ./Core/Src/main.o
 .debug_line    0x00001769      0x8f0 ./Core/Src/pid.o
 .debug_line    0x00002059      0xcb7 ./Core/Src/stm32f4xx_hal_msp.o
 .debug_line    0x00002d10      0x91f ./Core/Src/stm32f4xx_it.o
 .debug_line    0x0000362f      0x85f ./Core/Src/system_stm32f4xx.o
 .debug_line    0x00003e8e       0x7a ./Core/Startup/startup_stm32f407vgtx.o
 .debug_line    0x00003f08      0xad7 ./Drivers/STM32F4xx_HAL_Driver/Src/stm32f4xx_hal.o
 .debug_line    0x000049df      0xdc9 ./Drivers/STM32F4xx_HAL_Driver/Src/stm32f4xx_hal_cortex.o
 .debug_line    0x000057a8     0x1047 ./Drivers/STM32F4xx_HAL_Driver/Src/stm32f4xx_hal_dma.o
 .debug_line    0x000067ef      0xc63 ./Drivers/STM32F4xx_HAL_Driver/Src/stm32f4xx_hal_gpio.o
 .debug_line    0x00007452      0xe62 ./Drivers/STM32F4xx_HAL_Driver/Src/stm32f4xx_hal_rcc.o
 .debug_line    0x000082b4     0x3873 ./Drivers/STM32F4xx_HAL_Driver/Src/stm32f4xx_hal_tim.o
 .debug_line    0x0000bb27     0x1acd ./Drivers/STM32F4xx_HAL_Driver/Src/stm32f4xx_hal_tim_ex.o
 .debug_line    0x0000d5f4     0x29da ./Drivers/STM32F4xx_HAL_Driver/Src/stm32f4xx_hal_uart.o

.debug_str      0x00000000    0xcbc59
 .debug_str     0x00000000    0xc92a4 ./Core/Src/main.o
                              0xc965d (size before relaxing)
 .debug_str     0x000c92a4       0x17 ./Core/Src/pid.o
                              0xc3e56 (size before relaxing)
 .debug_str     0x000c92bb      0x138 ./Core/Src/stm32f4xx_hal_msp.o
                              0xc4d69 (size before relaxing)
 .debug_str     0x000c93f3      0x168 ./Core/Src/stm32f4xx_it.o
                              0xc46a8 (size before relaxing)
 .debug_str     0x000c955b       0x87 ./Core/Src/system_stm32f4xx.o
                              0xc3fb0 (size before relaxing)
 .debug_str     0x000c95e2       0x44 ./Core/Startup/startup_stm32f407vgtx.o
                                 0x84 (size before relaxing)
 .debug_str     0x000c9626      0x617 ./Drivers/STM32F4xx_HAL_Driver/Src/stm32f4xx_hal.o
                              0xc4b34 (size before relaxing)
 .debug_str     0x000c9c3d      0x365 ./Drivers/STM32F4xx_HAL_Driver/Src/stm32f4xx_hal_cortex.o
                              0xc48b0 (size before relaxing)
 .debug_str     0x000c9fa2      0x2f4 ./Drivers/STM32F4xx_HAL_Driver/Src/stm32f4xx_hal_dma.o
                              0xc43ca (size before relaxing)
 .debug_str     0x000ca296      0x110 ./Drivers/STM32F4xx_HAL_Driver/Src/stm32f4xx_hal_gpio.o
                              0xc412b (size before relaxing)
 .debug_str     0x000ca3a6      0x233 ./Drivers/STM32F4xx_HAL_Driver/Src/stm32f4xx_hal_rcc.o
                              0xc43e4 (size before relaxing)
 .debug_str     0x000ca5d9      0xc75 ./Drivers/STM32F4xx_HAL_Driver/Src/stm32f4xx_hal_tim.o
                              0xc533a (size before relaxing)
 .debug_str     0x000cb24e      0x493 ./Drivers/STM32F4xx_HAL_Driver/Src/stm32f4xx_hal_tim_ex.o
                              0xc4b46 (size before relaxing)
 .debug_str     0x000cb6e1      0x578 ./Drivers/STM32F4xx_HAL_Driver/Src/stm32f4xx_hal_uart.o
                              0xc49c5 (size before relaxing)

.comment        0x00000000       0x43
 .comment       0x00000000       0x43 ./Core/Src/main.o
                                 0x44 (size before relaxing)
 .comment       0x00000043       0x44 ./Core/Src/pid.o
 .comment       0x00000043       0x44 ./Core/Src/stm32f4xx_hal_msp.o
 .comment       0x00000043       0x44 ./Core/Src/stm32f4xx_it.o
 .comment       0x00000043       0x44 ./Core/Src/system_stm32f4xx.o
 .comment       0x00000043       0x44 ./Drivers/STM32F4xx_HAL_Driver/Src/stm32f4xx_hal.o
 .comment       0x00000043       0x44 ./Drivers/STM32F4xx_HAL_Driver/Src/stm32f4xx_hal_cortex.o
 .comment       0x00000043       0x44 ./Drivers/STM32F4xx_HAL_Driver/Src/stm32f4xx_hal_dma.o
 .comment       0x00000043       0x44 ./Drivers/STM32F4xx_HAL_Driver/Src/stm32f4xx_hal_gpio.o
 .comment       0x00000043       0x44 ./Drivers/STM32F4xx_HAL_Driver/Src/stm32f4xx_hal_rcc.o
 .comment       0x00000043       0x44 ./Drivers/STM32F4xx_HAL_Driver/Src/stm32f4xx_hal_tim.o
 .comment       0x00000043       0x44 ./Drivers/STM32F4xx_HAL_Driver/Src/stm32f4xx_hal_tim_ex.o
 .comment       0x00000043       0x44 ./Drivers/STM32F4xx_HAL_Driver/Src/stm32f4xx_hal_uart.o

.debug_frame    0x00000000     0x386c
 .debug_frame   0x00000000      0x494 ./Core/Src/main.o
 .debug_frame   0x00000494       0x60 ./Core/Src/pid.o
 .debug_frame   0x000004f4      0x188 ./Core/Src/stm32f4xx_hal_msp.o
 .debug_frame   0x0000067c      0x194 ./Core/Src/stm32f4xx_it.o
 .debug_frame   0x00000810       0x58 ./Core/Src/system_stm32f4xx.o
 .debug_frame   0x00000868      0x374 ./Drivers/STM32F4xx_HAL_Driver/Src/stm32f4xx_hal.o
 .debug_frame   0x00000bdc      0x508 ./Drivers/STM32F4xx_HAL_Driver/Src/stm32f4xx_hal_cortex.o
 .debug_frame   0x000010e4      0x250 ./Drivers/STM32F4xx_HAL_Driver/Src/stm32f4xx_hal_dma.o
 .debug_frame   0x00001334      0x14c ./Drivers/STM32F4xx_HAL_Driver/Src/stm32f4xx_hal_gpio.o
 .debug_frame   0x00001480      0x1f4 ./Drivers/STM32F4xx_HAL_Driver/Src/stm32f4xx_hal_rcc.o
 .debug_frame   0x00001674     0x11c0 ./Drivers/STM32F4xx_HAL_Driver/Src/stm32f4xx_hal_tim.o
 .debug_frame   0x00002834      0x638 ./Drivers/STM32F4xx_HAL_Driver/Src/stm32f4xx_hal_tim_ex.o
 .debug_frame   0x00002e6c      0x954 ./Drivers/STM32F4xx_HAL_Driver/Src/stm32f4xx_hal_uart.o
 .debug_frame   0x000037c0       0x20 D:/ROBOTIC/KRTMI/STM 32/STM32CubeIDE_1.16.0/STM32CubeIDE/plugins/com.st.stm32cube.ide.mcu.externaltools.gnu-tools-for-stm32.12.3.rel1.win32_1.1.0.202410251130/tools/bin/../lib/gcc/arm-none-eabi/12.3.1/../../../../arm-none-eabi/lib/thumb/v7e-m+fp/hard\libc_nano.a(libc_a-memset.o)
 .debug_frame   0x000037e0       0x2c D:/ROBOTIC/KRTMI/STM 32/STM32CubeIDE_1.16.0/STM32CubeIDE/plugins/com.st.stm32cube.ide.mcu.externaltools.gnu-tools-for-stm32.12.3.rel1.win32_1.1.0.202410251130/tools/bin/../lib/gcc/arm-none-eabi/12.3.1/../../../../arm-none-eabi/lib/thumb/v7e-m+fp/hard\libc_nano.a(libc_a-init.o)
 .debug_frame   0x0000380c       0x2c D:/ROBOTIC/KRTMI/STM 32/STM32CubeIDE_1.16.0/STM32CubeIDE/plugins/com.st.stm32cube.ide.mcu.externaltools.gnu-tools-for-stm32.12.3.rel1.win32_1.1.0.202410251130/tools/bin/../lib/gcc/arm-none-eabi/12.3.1/thumb/v7e-m+fp/hard\libgcc.a(_aeabi_uldivmod.o)
 .debug_frame   0x00003838       0x34 D:/ROBOTIC/KRTMI/STM 32/STM32CubeIDE_1.16.0/STM32CubeIDE/plugins/com.st.stm32cube.ide.mcu.externaltools.gnu-tools-for-stm32.12.3.rel1.win32_1.1.0.202410251130/tools/bin/../lib/gcc/arm-none-eabi/12.3.1/thumb/v7e-m+fp/hard\libgcc.a(_udivmoddi4.o)

.debug_line_str
                0x00000000       0x68
 .debug_line_str
                0x00000000       0x68 ./Core/Startup/startup_stm32f407vgtx.o
